2026-03-31 00:38:01: ▲ Next.js 16.2.1 (Turbopack)
2026-03-31 00:38:01: - Local:         http://localhost:3000
2026-03-31 00:38:01: - Network:       http://172.27.48.1:3000
2026-03-31 00:38:01: - Environments: .env.local
2026-03-31 00:38:01: ✓ Ready in 2.8s
2026-03-31 00:38:02: ⚠ Warning: Next.js inferred your workspace root, but it may not be correct.
2026-03-31 00:38:02:  We detected multiple lockfiles and selected the directory of D:\pnpm-lock.yaml as the root directory.
2026-03-31 00:38:02:  To silence this warning, set `turbopack.root` in your Next.js config, or consider removing one of the lockfiles if it's not needed.
2026-03-31 00:38:02:    See https://nextjs.org/docs/app/api-reference/config/next-config-js/turbopack#root-directory for more information.
2026-03-31 00:38:02:  Detected additional lockfiles: 
2026-03-31 00:38:02:    * D:\MarketEngine\package-lock.json
2026-03-31 00:38:02: 
2026-03-31 00:38:04: 
2026-03-31 00:38:48:  GET / 200 in 1564ms (next.js: 573ms, application-code: 991ms)
2026-03-31 00:55:13: [?25h
2026-03-31 00:55:13: 
2026-03-31 00:55:19: ▲ Next.js 16.2.1 (Turbopack)
2026-03-31 00:55:19: - Local:         http://localhost:3000
2026-03-31 00:55:19: - Network:       http://172.27.48.1:3000
2026-03-31 00:55:19: - Environments: .env.local
2026-03-31 00:55:19: ✓ Ready in 1471ms
2026-03-31 00:55:19: ⚠ Warning: Next.js inferred your workspace root, but it may not be correct.
2026-03-31 00:55:19:  We detected multiple lockfiles and selected the directory of D:\pnpm-lock.yaml as the root directory.
2026-03-31 00:55:19:  To silence this warning, set `turbopack.root` in your Next.js config, or consider removing one of the lockfiles if it's not needed.
2026-03-31 00:55:19:    See https://nextjs.org/docs/app/api-reference/config/next-config-js/turbopack#root-directory for more information.
2026-03-31 00:55:19:  Detected additional lockfiles: 
2026-03-31 00:55:19:    * D:\MarketEngine\package-lock.json
2026-03-31 00:55:19: 
2026-03-31 00:55:21: 
2026-03-31 00:55:22: [?25h
2026-03-31 00:55:22: 
2026-03-31 00:55:29: ▲ Next.js 16.2.1 (Turbopack)
2026-03-31 00:55:29: - Local:         http://localhost:3000
2026-03-31 00:55:29: - Network:       http://172.27.48.1:3000
2026-03-31 00:55:29: - Environments: .env.local
2026-03-31 00:55:29: ✓ Ready in 1180ms
2026-03-31 00:55:29: ⚠ Warning: Next.js inferred your workspace root, but it may not be correct.
2026-03-31 00:55:29:  We detected multiple lockfiles and selected the directory of D:\pnpm-lock.yaml as the root directory.
2026-03-31 00:55:29:  To silence this warning, set `turbopack.root` in your Next.js config, or consider removing one of the lockfiles if it's not needed.
2026-03-31 00:55:29:    See https://nextjs.org/docs/app/api-reference/config/next-config-js/turbopack#root-directory for more information.
2026-03-31 00:55:29:  Detected additional lockfiles: 
2026-03-31 00:55:29:    * D:\MarketEngine\package-lock.json
2026-03-31 00:55:29: 
2026-03-31 00:55:29: 
2026-03-31 03:32:52: [?25h
2026-03-31 03:32:52: 
2026-03-31 03:32:59: ▲ Next.js 16.2.1 (Turbopack)
2026-03-31 03:32:59: - Local:         http://localhost:3000
2026-03-31 03:32:59: - Network:       http://172.27.48.1:3000
2026-03-31 03:32:59: - Environments: .env.local
2026-03-31 03:32:59: ✓ Ready in 986ms
2026-03-31 03:32:59: ⚠ Warning: Next.js inferred your workspace root, but it may not be correct.
2026-03-31 03:32:59:  We detected multiple lockfiles and selected the directory of D:\pnpm-lock.yaml as the root directory.
2026-03-31 03:32:59:  To silence this warning, set `turbopack.root` in your Next.js config, or consider removing one of the lockfiles if it's not needed.
2026-03-31 03:32:59:    See https://nextjs.org/docs/app/api-reference/config/next-config-js/turbopack#root-directory for more information.
2026-03-31 03:32:59:  Detected additional lockfiles: 
2026-03-31 03:32:59:    * D:\MarketEngine\package-lock.json
2026-03-31 03:32:59: 
2026-03-31 03:33:00: 
2026-03-31 12:32:25: ▲ Next.js 16.2.1 (Turbopack)
2026-03-31 12:32:25: - Local:         http://localhost:3000
2026-03-31 12:32:25: - Network:       http://172.27.48.1:3000
2026-03-31 12:32:25: - Environments: .env.local
2026-03-31 12:32:25: ✓ Ready in 1744ms
2026-03-31 12:32:25: ⚠ Warning: Next.js inferred your workspace root, but it may not be correct.
2026-03-31 12:32:25:  We detected multiple lockfiles and selected the directory of D:\pnpm-lock.yaml as the root directory.
2026-03-31 12:32:25:  To silence this warning, set `turbopack.root` in your Next.js config, or consider removing one of the lockfiles if it's not needed.
2026-03-31 12:32:25:    See https://nextjs.org/docs/app/api-reference/config/next-config-js/turbopack#root-directory for more information.
2026-03-31 12:32:25:  Detected additional lockfiles: 
2026-03-31 12:32:25:    * D:\MarketEngine\package-lock.json
2026-03-31 12:32:25: 
2026-03-31 12:32:26: 
2026-03-31 16:38:21: ⨯ Error: connect ECONNREFUSED 127.0.0.1:5432
2026-03-31 16:38:21:     at <unknown> (Error: connect ECONNREFUSED 127.0.0.1:5432)
2026-03-31 16:38:21:     at async getLatestBrief (lib\db.ts:23:15)
2026-03-31 16:38:21:     at async HomePage (app\page.tsx:11:18)
2026-03-31 16:38:21:   21 |
2026-03-31 16:38:21:   22 | export async function getLatestBrief(): Promise<BriefRow | null> {
2026-03-31 16:38:21: > 23 |   const res = await pool.query(
2026-03-31 16:38:21:      |               ^
2026-03-31 16:38:21:   24 |     `SELECT id, brief_date::text as brief_date, beginner_headline, beginner_body, beginner...
2026-03-31 16:38:21:   25 |   );
2026-03-31 16:38:21:   26 |   return res.rows[0] || null; {
2026-03-31 16:38:21:   errno: -4078,
2026-03-31 16:38:21:   code: 'ECONNREFUSED',
2026-03-31 16:38:21:   syscall: 'connect',
2026-03-31 16:38:21:   address: '127.0.0.1',
2026-03-31 16:38:21:   port: 5432,
2026-03-31 16:38:21:   digest: '2868730758'
2026-03-31 16:38:21: }
2026-03-31 16:38:22:  GET / 500 in 1461ms (next.js: 580ms, application-code: 881ms)
2026-03-31 16:38:22: ⨯ Error: connect ECONNREFUSED 127.0.0.1:5432
2026-03-31 16:38:22:     at <unknown> (Error: connect ECONNREFUSED 127.0.0.1:5432)
2026-03-31 16:38:22:     at async getLatestBrief (lib\db.ts:23:15)
2026-03-31 16:38:22:     at async HomePage (app\page.tsx:11:18)
2026-03-31 16:38:22:   21 |
2026-03-31 16:38:22:   22 | export async function getLatestBrief(): Promise<BriefRow | null> {
2026-03-31 16:38:22: > 23 |   const res = await pool.query(
2026-03-31 16:38:22:      |               ^
2026-03-31 16:38:22:   24 |     `SELECT id, brief_date::text as brief_date, beginner_headline, beginner_body, beginner...
2026-03-31 16:38:22:   25 |   );
2026-03-31 16:38:22:   26 |   return res.rows[0] || null; {
2026-03-31 16:38:22:   errno: -4078,
2026-03-31 16:38:22:   code: 'ECONNREFUSED',
2026-03-31 16:38:22:   syscall: 'connect',
2026-03-31 16:38:22:   address: '127.0.0.1',
2026-03-31 16:38:22:   port: 5432,
2026-03-31 16:38:22:   digest: '2868730758'
2026-03-31 16:38:22: }
2026-03-31 16:38:22:  GET / 500 in 151ms (next.js: 10ms, application-code: 141ms)
2026-03-31 16:38:22: [browser] Uncaught Error: connect ECONNREFUSED 127.0.0.1:5432
2026-03-31 16:38:22:     at <unknown> (Error: connect ECONNREFUSED 127.0.0.1:5432)
2026-03-31 16:38:22:     at getLatestBrief (lib\db.ts:23:15)
2026-03-31 16:38:22:     at HomePage (app\page.tsx:11:18)
2026-03-31 16:38:22:     at resolveErrorDev (.next\dev\static\chunks\08_-_next_dist_compiled_react-server-dom-turbopack_0bcb~h2._.js:1919:105)
2026-03-31 16:38:22:     at processFullStringRow (.next\dev\static\chunks\08_-_next_dist_compiled_react-server-dom-turbopack_0bcb~h2._.js:2434:29)
2026-03-31 16:38:22:     at processFullBinaryRow (.next\dev\static\chunks\08_-_next_dist_compiled_react-server-dom-turbopack_0bcb~h2._.js:2393:9)
2026-03-31 16:38:22:     at processBinaryChunk (.next\dev\static\chunks\08_-_next_dist_compiled_react-server-dom-turbopack_0bcb~h2._.js:2502:221)
2026-03-31 16:38:22:     at progress (.next\dev\static\chunks\08_-_next_dist_compiled_react-server-dom-turbopack_0bcb~h2._.js:2689:13)
2026-03-31 16:38:22:   21 |
2026-03-31 16:38:22:   22 | export async function getLatestBrief(): Promise<BriefRow | null> {
2026-03-31 16:38:22: > 23 |   const res = await pool.query(
2026-03-31 16:38:22:      |               ^
2026-03-31 16:38:22:   24 |     `SELECT id, brief_date::text as brief_date, beginner_headline, beginner_body, beginner...
2026-03-31 16:38:22:   25 |   );
2026-03-31 16:38:22:   26 |   return res.rows[0] || null;
2026-03-31 19:51:45: [?25h
2026-03-31 19:51:45: 
2026-03-31 19:51:52: ▲ Next.js 16.2.1 (Turbopack)
2026-03-31 19:51:52: - Local:         http://localhost:3000
2026-03-31 19:51:52: - Network:       http://172.27.48.1:3000
2026-03-31 19:51:52: - Environments: .env.local
2026-03-31 19:51:52: ✓ Ready in 1236ms
2026-03-31 19:51:52: ⚠ Warning: Next.js inferred your workspace root, but it may not be correct.
2026-03-31 19:51:52:  We detected multiple lockfiles and selected the directory of D:\pnpm-lock.yaml as the root directory.
2026-03-31 19:51:52:  To silence this warning, set `turbopack.root` in your Next.js config, or consider removing one of the lockfiles if it's not needed.
2026-03-31 19:51:52:    See https://nextjs.org/docs/app/api-reference/config/next-config-js/turbopack#root-directory for more information.
2026-03-31 19:51:52:  Detected additional lockfiles: 
2026-03-31 19:51:52:    * D:\MarketEngine\package-lock.json
2026-03-31 19:51:52: 
2026-03-31 19:51:53: 
2026-03-31 19:51:54: [?25h
2026-03-31 19:51:54: 
2026-03-31 19:52:00: ▲ Next.js 16.2.1 (Turbopack)
2026-03-31 19:52:00: - Local:         http://localhost:3000
2026-03-31 19:52:00: - Network:       http://172.27.48.1:3000
2026-03-31 19:52:00: - Environments: .env.local
2026-03-31 19:52:00: ✓ Ready in 735ms
2026-03-31 19:52:00: ⚠ Warning: Next.js inferred your workspace root, but it may not be correct.
2026-03-31 19:52:00:  We detected multiple lockfiles and selected the directory of D:\pnpm-lock.yaml as the root directory.
2026-03-31 19:52:00:  To silence this warning, set `turbopack.root` in your Next.js config, or consider removing one of the lockfiles if it's not needed.
2026-03-31 19:52:00:    See https://nextjs.org/docs/app/api-reference/config/next-config-js/turbopack#root-directory for more information.
2026-03-31 19:52:00:  Detected additional lockfiles: 
2026-03-31 19:52:00:    * D:\MarketEngine\package-lock.json
2026-03-31 19:52:00: 
2026-03-31 19:52:01: 
2026-04-02 14:53:19: ▲ Next.js 16.2.1 (Turbopack)
2026-04-02 14:53:19: - Local:         http://localhost:3000
2026-04-02 14:53:19: - Network:       http://172.27.48.1:3000
2026-04-02 14:53:19: - Environments: .env.local
2026-04-02 14:53:19: ✓ Ready in 1482ms
2026-04-02 14:53:20: ⚠ Warning: Next.js inferred your workspace root, but it may not be correct.
2026-04-02 14:53:20:  We detected multiple lockfiles and selected the directory of D:\pnpm-lock.yaml as the root directory.
2026-04-02 14:53:20:  To silence this warning, set `turbopack.root` in your Next.js config, or consider removing one of the lockfiles if it's not needed.
2026-04-02 14:53:20:    See https://nextjs.org/docs/app/api-reference/config/next-config-js/turbopack#root-directory for more information.
2026-04-02 14:53:20:  Detected additional lockfiles: 
2026-04-02 14:53:20:    * D:\MarketEngine\package-lock.json
2026-04-02 14:53:20: 
2026-04-02 14:53:21: 
2026-04-02 22:59:33: ⨯ error: password authentication failed for user "mse"
2026-04-02 22:59:33:     at async getLatestBrief (lib\db.ts:23:15)
2026-04-02 22:59:33:     at async HomePage (app\page.tsx:11:18)
2026-04-02 22:59:33:   21 |
2026-04-02 22:59:33:   22 | export async function getLatestBrief(): Promise<BriefRow | null> {
2026-04-02 22:59:33: > 23 |   const res = await pool.query(
2026-04-02 22:59:33:      |               ^
2026-04-02 22:59:33:   24 |     `SELECT id, brief_date::text as brief_date, beginner_headline, beginner_body, beginner...
2026-04-02 22:59:33:   25 |   );
2026-04-02 22:59:33:   26 |   return res.rows[0] || null; {
2026-04-02 22:59:33:   length: 99,
2026-04-02 22:59:33:   severity: 'FATAL',
2026-04-02 22:59:33:   code: '28P01',
2026-04-02 22:59:33:   detail: undefined,
2026-04-02 22:59:33:   hint: undefined,
2026-04-02 22:59:33:   position: undefined,
2026-04-02 22:59:33:   internalPosition: undefined,
2026-04-02 22:59:33:   internalQuery: undefined,
2026-04-02 22:59:33:   where: undefined,
2026-04-02 22:59:33:   schema: undefined,
2026-04-02 22:59:33:   table: undefined,
2026-04-02 22:59:33:   column: undefined,
2026-04-02 22:59:33:   dataType: undefined,
2026-04-02 22:59:33:   constraint: undefined,
2026-04-02 22:59:33:   file: 'auth.c',
2026-04-02 22:59:33:   line: '331',
2026-04-02 22:59:33:   routine: 'auth_failed',
2026-04-02 22:59:33:   digest: '1891030502'
2026-04-02 22:59:33: }
2026-04-02 22:59:33:  GET / 500 in 2.0s (next.js: 1057ms, application-code: 969ms)
2026-04-02 22:59:37:  GET /user-area 404 in 2.7s (next.js: 2.6s, application-code: 119ms)
2026-04-02 23:05:44: ⨯ error: password authentication failed for user "mse"
2026-04-02 23:05:44:     at async getLatestBrief (lib\db.ts:23:15)
2026-04-02 23:05:44:     at async HomePage (app\page.tsx:11:18)
2026-04-02 23:05:44:   21 |
2026-04-02 23:05:44:   22 | export async function getLatestBrief(): Promise<BriefRow | null> {
2026-04-02 23:05:44: > 23 |   const res = await pool.query(
2026-04-02 23:05:44:      |               ^
2026-04-02 23:05:44:   24 |     `SELECT id, brief_date::text as brief_date, beginner_headline, beginner_body, beginner...
2026-04-02 23:05:44:   25 |   );
2026-04-02 23:05:44:   26 |   return res.rows[0] || null; {
2026-04-02 23:05:44:   length: 99,
2026-04-02 23:05:44:   severity: 'FATAL',
2026-04-02 23:05:44:   code: '28P01',
2026-04-02 23:05:44:   detail: undefined,
2026-04-02 23:05:44:   hint: undefined,
2026-04-02 23:05:44:   position: undefined,
2026-04-02 23:05:44:   internalPosition: undefined,
2026-04-02 23:05:44:   internalQuery: undefined,
2026-04-02 23:05:44:   where: undefined,
2026-04-02 23:05:44:   schema: undefined,
2026-04-02 23:05:44:   table: undefined,
2026-04-02 23:05:44:   column: undefined,
2026-04-02 23:05:44:   dataType: undefined,
2026-04-02 23:05:44:   constraint: undefined,
2026-04-02 23:05:44:   file: 'auth.c',
2026-04-02 23:05:44:   line: '331',
2026-04-02 23:05:44:   routine: 'auth_failed',
2026-04-02 23:05:44:   digest: '1891030502'
2026-04-02 23:05:44: }
2026-04-02 23:05:44:  GET / 500 in 173ms (next.js: 13ms, application-code: 160ms)
2026-04-02 23:06:11:  GET /user-area?token=eyJhbGciOiJIUzI1NiIsInR5cCI6IkpXVCJ9.eyJpZCI6NSwicm9sZSI6InVzZXIiLCJpYXQiOjE3NzUxNTEzNzEsImV4cCI6MTc3NTIzNzc3MX0.tDMVCZbxW9oaLHtmouaVBEpVioIYoB5QeeeJ8Vz3OPY&user=%7B%22id%22%3A5%2C%22name%22%3A%22Shashank%20Pandey%22%2C%22email%22%3A%22facebook_1655656625624357%40studiovb.temp%22%2C%22role%22%3A%22user%22%7D 404 in 112ms (next.js: 13ms, application-code: 99ms)
2026-04-03 00:42:05: ▲ Next.js 16.2.1 (Turbopack)
2026-04-03 00:42:05: - Local:         http://localhost:3000
2026-04-03 00:42:05: - Network:       http://172.27.48.1:3000
2026-04-03 00:42:05: - Environments: .env.local
2026-04-03 00:42:05: ✓ Ready in 1638ms
2026-04-03 00:42:05: ⚠ Warning: Next.js inferred your workspace root, but it may not be correct.
2026-04-03 00:42:05:  We detected multiple lockfiles and selected the directory of D:\pnpm-lock.yaml as the root directory.
2026-04-03 00:42:05:  To silence this warning, set `turbopack.root` in your Next.js config, or consider removing one of the lockfiles if it's not needed.
2026-04-03 00:42:05:    See https://nextjs.org/docs/app/api-reference/config/next-config-js/turbopack#root-directory for more information.
2026-04-03 00:42:05:  Detected additional lockfiles: 
2026-04-03 00:42:05:    * D:\MarketEngine\package-lock.json
2026-04-03 00:42:05: 
2026-04-03 00:42:07: 
2026-04-03 15:33:20: [?25h
2026-04-03 15:33:20: 
2026-04-03 15:33:32: ▲ Next.js 16.2.1 (Turbopack)
2026-04-03 15:33:32: - Local:         http://localhost:3000
2026-04-03 15:33:32: - Network:       http://172.27.48.1:3000
2026-04-03 15:33:32: - Environments: .env.local
2026-04-03 15:33:32: ✓ Ready in 2.4s
2026-04-03 15:33:33: ⚠ Warning: Next.js inferred your workspace root, but it may not be correct.
2026-04-03 15:33:33:  We detected multiple lockfiles and selected the directory of D:\pnpm-lock.yaml as the root directory.
2026-04-03 15:33:33:  To silence this warning, set `turbopack.root` in your Next.js config, or consider removing one of the lockfiles if it's not needed.
2026-04-03 15:33:33:    See https://nextjs.org/docs/app/api-reference/config/next-config-js/turbopack#root-directory for more information.
2026-04-03 15:33:33:  Detected additional lockfiles: 
2026-04-03 15:33:33:    * D:\MarketEngine\package-lock.json
2026-04-03 15:33:33: 
2026-04-03 15:33:35: [?25h
2026-04-03 15:33:35: 
2026-04-03 15:33:41: ▲ Next.js 16.2.1 (Turbopack)
2026-04-03 15:33:41: - Local:         http://localhost:3000
2026-04-03 15:33:41: - Network:       http://172.27.48.1:3000
2026-04-03 15:33:41: - Environments: .env.local
2026-04-03 15:33:41: ✓ Ready in 1433ms
2026-04-03 15:33:42: ⚠ Warning: Next.js inferred your workspace root, but it may not be correct.
2026-04-03 15:33:42:  We detected multiple lockfiles and selected the directory of D:\pnpm-lock.yaml as the root directory.
2026-04-03 15:33:42:  To silence this warning, set `turbopack.root` in your Next.js config, or consider removing one of the lockfiles if it's not needed.
2026-04-03 15:33:42:    See https://nextjs.org/docs/app/api-reference/config/next-config-js/turbopack#root-directory for more information.
2026-04-03 15:33:42:  Detected additional lockfiles: 
2026-04-03 15:33:42:    * D:\MarketEngine\package-lock.json
2026-04-03 15:33:42: 
2026-04-03 15:33:49: 
2026-04-03 15:35:50: ▲ Next.js 16.2.1 (Turbopack)
2026-04-03 15:35:50: - Local:         http://localhost:3000
2026-04-03 15:35:50: - Network:       http://192.168.1.7:3000
2026-04-03 15:35:50: - Environments: .env.local
2026-04-03 15:35:50: ✓ Ready in 1641ms
2026-04-03 15:35:50: ⚠ Warning: Next.js inferred your workspace root, but it may not be correct.
2026-04-03 15:35:50:  We detected multiple lockfiles and selected the directory of D:\pnpm-lock.yaml as the root directory.
2026-04-03 15:35:50:  To silence this warning, set `turbopack.root` in your Next.js config, or consider removing one of the lockfiles if it's not needed.
2026-04-03 15:35:50:    See https://nextjs.org/docs/app/api-reference/config/next-config-js/turbopack#root-directory for more information.
2026-04-03 15:35:50:  Detected additional lockfiles: 
2026-04-03 15:35:50:    * D:\MarketEngine\package-lock.json
2026-04-03 15:35:50: 
2026-04-03 15:35:51: 
2026-04-03 16:51:27:  GET / 200 in 2.6s (next.js: 785ms, application-code: 1806ms)
2026-04-03 19:49:22:  GET / 200 in 729ms (next.js: 90ms, application-code: 639ms)
2026-04-04 13:49:57: ▲ Next.js 16.2.1 (Turbopack)
2026-04-04 13:49:57: - Local:         http://localhost:3000
2026-04-04 13:49:57: - Network:       http://192.168.1.7:3000
2026-04-04 13:49:57: - Environments: .env.local
2026-04-04 13:49:57: ✓ Ready in 1787ms
2026-04-04 13:49:57: ⚠ Warning: Next.js inferred your workspace root, but it may not be correct.
2026-04-04 13:49:57:  We detected multiple lockfiles and selected the directory of D:\pnpm-lock.yaml as the root directory.
2026-04-04 13:49:57:  To silence this warning, set `turbopack.root` in your Next.js config, or consider removing one of the lockfiles if it's not needed.
2026-04-04 13:49:57:    See https://nextjs.org/docs/app/api-reference/config/next-config-js/turbopack#root-directory for more information.
2026-04-04 13:49:57:  Detected additional lockfiles: 
2026-04-04 13:49:57:    * D:\MarketEngine\package-lock.json
2026-04-04 13:49:57: 
2026-04-04 13:49:59: 
2026-04-04 13:50:41:  GET / 200 in 1960ms (next.js: 472ms, application-code: 1488ms)
2026-04-04 13:51:35:  GET / 200 in 234ms (next.js: 11ms, application-code: 223ms)
2026-04-04 17:17:09:  GET / 200 in 708ms (next.js: 128ms, application-code: 580ms)
2026-04-04 21:31:26: ▲ Next.js 16.2.1 (Turbopack)
2026-04-04 21:31:26: - Local:         http://localhost:3000
2026-04-04 21:31:26: - Network:       http://192.168.1.7:3000
2026-04-04 21:31:26: - Environments: .env.local
2026-04-04 21:31:26: ✓ Ready in 1761ms
2026-04-04 21:31:26: ⚠ Warning: Next.js inferred your workspace root, but it may not be correct.
2026-04-04 21:31:26:  We detected multiple lockfiles and selected the directory of D:\pnpm-lock.yaml as the root directory.
2026-04-04 21:31:26:  To silence this warning, set `turbopack.root` in your Next.js config, or consider removing one of the lockfiles if it's not needed.
2026-04-04 21:31:26:    See https://nextjs.org/docs/app/api-reference/config/next-config-js/turbopack#root-directory for more information.
2026-04-04 21:31:26:  Detected additional lockfiles: 
2026-04-04 21:31:26:    * D:\MarketEngine\package-lock.json
2026-04-04 21:31:26: 
2026-04-04 21:31:27: 
2026-04-06 00:26:33: [?25h
2026-04-06 00:26:33: 
2026-04-06 00:26:39: ▲ Next.js 16.2.1 (Turbopack)
2026-04-06 00:26:39: - Local:         http://localhost:3000
2026-04-06 00:26:39: - Network:       http://192.168.1.7:3000
2026-04-06 00:26:39: - Environments: .env.local
2026-04-06 00:26:39: ✓ Ready in 856ms
2026-04-06 00:26:39: ⚠ Warning: Next.js inferred your workspace root, but it may not be correct.
2026-04-06 00:26:39:  We detected multiple lockfiles and selected the directory of D:\pnpm-lock.yaml as the root directory.
2026-04-06 00:26:39:  To silence this warning, set `turbopack.root` in your Next.js config, or consider removing one of the lockfiles if it's not needed.
2026-04-06 00:26:39:    See https://nextjs.org/docs/app/api-reference/config/next-config-js/turbopack#root-directory for more information.
2026-04-06 00:26:39:  Detected additional lockfiles: 
2026-04-06 00:26:39:    * D:\MarketEngine\package-lock.json
2026-04-06 00:26:39: 
2026-04-06 00:26:42: 
2026-04-07 00:24:26: ▲ Next.js 16.2.1 (Turbopack)
2026-04-07 00:24:26: - Local:         http://localhost:3000
2026-04-07 00:24:26: - Network:       http://192.168.1.7:3000
2026-04-07 00:24:26: - Environments: .env.local
2026-04-07 00:24:26: ✓ Ready in 1553ms
2026-04-07 00:24:26: ⚠ Warning: Next.js inferred your workspace root, but it may not be correct.
2026-04-07 00:24:26:  We detected multiple lockfiles and selected the directory of D:\pnpm-lock.yaml as the root directory.
2026-04-07 00:24:26:  To silence this warning, set `turbopack.root` in your Next.js config, or consider removing one of the lockfiles if it's not needed.
2026-04-07 00:24:26:    See https://nextjs.org/docs/app/api-reference/config/next-config-js/turbopack#root-directory for more information.
2026-04-07 00:24:26:  Detected additional lockfiles: 
2026-04-07 00:24:26:    * D:\MarketEngine\package-lock.json
2026-04-07 00:24:26: 
2026-04-07 00:24:27: 
2026-04-07 00:34:27:  GET / 200 in 1198ms (next.js: 564ms, application-code: 634ms)
2026-04-07 01:32:02:  GET / 200 in 4.1s (next.js: 112ms, application-code: 4.0s)
2026-04-07 23:52:35: ▲ Next.js 16.2.1 (Turbopack)
2026-04-07 23:52:35: - Local:         http://localhost:3000
2026-04-07 23:52:35: - Network:       http://192.168.1.7:3000
2026-04-07 23:52:35: - Environments: .env.local
2026-04-07 23:52:35: ✓ Ready in 1911ms
2026-04-07 23:52:35: ⚠ Warning: Next.js inferred your workspace root, but it may not be correct.
2026-04-07 23:52:35:  We detected multiple lockfiles and selected the directory of D:\pnpm-lock.yaml as the root directory.
2026-04-07 23:52:35:  To silence this warning, set `turbopack.root` in your Next.js config, or consider removing one of the lockfiles if it's not needed.
2026-04-07 23:52:35:    See https://nextjs.org/docs/app/api-reference/config/next-config-js/turbopack#root-directory for more information.
2026-04-07 23:52:35:  Detected additional lockfiles: 
2026-04-07 23:52:35:    * D:\MarketEngine\package-lock.json
2026-04-07 23:52:35: 
2026-04-07 23:52:39: 
2026-04-08 18:01:04: ▲ Next.js 16.2.1 (Turbopack)
2026-04-08 18:01:04: - Local:         http://localhost:3000
2026-04-08 18:01:04: - Network:       http://192.168.1.7:3000
2026-04-08 18:01:04: - Environments: .env.local
2026-04-08 18:01:04: ✓ Ready in 1939ms
2026-04-08 18:01:04: ⚠ Warning: Next.js inferred your workspace root, but it may not be correct.
2026-04-08 18:01:04:  We detected multiple lockfiles and selected the directory of D:\pnpm-lock.yaml as the root directory.
2026-04-08 18:01:04:  To silence this warning, set `turbopack.root` in your Next.js config, or consider removing one of the lockfiles if it's not needed.
2026-04-08 18:01:04:    See https://nextjs.org/docs/app/api-reference/config/next-config-js/turbopack#root-directory for more information.
2026-04-08 18:01:04:  Detected additional lockfiles: 
2026-04-08 18:01:04:    * D:\MarketEngine\package-lock.json
2026-04-08 18:01:04: 
2026-04-08 18:01:09: 
2026-04-08 21:49:41: ⨯ Error: connect ECONNREFUSED 127.0.0.1:5432
2026-04-08 21:49:41:     at <unknown> (Error: connect ECONNREFUSED 127.0.0.1:5432)
2026-04-08 21:49:41:     at async getLatestBrief (lib\db.ts:23:15)
2026-04-08 21:49:41:     at async HomePage (app\page.tsx:11:18)
2026-04-08 21:49:41:   21 |
2026-04-08 21:49:41:   22 | export async function getLatestBrief(): Promise<BriefRow | null> {
2026-04-08 21:49:41: > 23 |   const res = await pool.query(
2026-04-08 21:49:41:      |               ^
2026-04-08 21:49:41:   24 |     `SELECT id, brief_date::text as brief_date, beginner_headline, beginner_body, beginner...
2026-04-08 21:49:41:   25 |   );
2026-04-08 21:49:41:   26 |   return res.rows[0] || null; {
2026-04-08 21:49:41:   errno: -4078,
2026-04-08 21:49:41:   code: 'ECONNREFUSED',
2026-04-08 21:49:41:   syscall: 'connect',
2026-04-08 21:49:41:   address: '127.0.0.1',
2026-04-08 21:49:41:   port: 5432,
2026-04-08 21:49:41:   digest: '2868730758'
2026-04-08 21:49:41: }
2026-04-08 21:49:41:  GET / 200 in 1341ms (next.js: 724ms, application-code: 617ms)
2026-04-08 21:54:48: ⨯ Error: connect ECONNREFUSED 127.0.0.1:5432
2026-04-08 21:54:48:     at <unknown> (Error: connect ECONNREFUSED 127.0.0.1:5432)
2026-04-08 21:54:48:     at async getLatestBrief (lib\db.ts:23:15)
2026-04-08 21:54:48:     at async HomePage (app\page.tsx:11:18)
2026-04-08 21:54:48:   21 |
2026-04-08 21:54:48:   22 | export async function getLatestBrief(): Promise<BriefRow | null> {
2026-04-08 21:54:48: > 23 |   const res = await pool.query(
2026-04-08 21:54:48:      |               ^
2026-04-08 21:54:48:   24 |     `SELECT id, brief_date::text as brief_date, beginner_headline, beginner_body, beginner...
2026-04-08 21:54:48:   25 |   );
2026-04-08 21:54:48:   26 |   return res.rows[0] || null; {
2026-04-08 21:54:48:   errno: -4078,
2026-04-08 21:54:48:   code: 'ECONNREFUSED',
2026-04-08 21:54:48:   syscall: 'connect',
2026-04-08 21:54:48:   address: '127.0.0.1',
2026-04-08 21:54:48:   port: 5432,
2026-04-08 21:54:48:   digest: '2868730758'
2026-04-08 21:54:48: }
2026-04-08 21:54:48:  GET / 500 in 201ms (next.js: 23ms, application-code: 178ms)
2026-04-10 00:19:14: ▲ Next.js 16.2.1 (Turbopack)
2026-04-10 00:19:14: - Local:         http://localhost:3000
2026-04-10 00:19:14: - Network:       http://192.168.1.7:3000
2026-04-10 00:19:14: - Environments: .env.local
2026-04-10 00:19:14: ✓ Ready in 1933ms
2026-04-10 00:19:14: ⚠ Warning: Next.js inferred your workspace root, but it may not be correct.
2026-04-10 00:19:14:  We detected multiple lockfiles and selected the directory of D:\pnpm-lock.yaml as the root directory.
2026-04-10 00:19:14:  To silence this warning, set `turbopack.root` in your Next.js config, or consider removing one of the lockfiles if it's not needed.
2026-04-10 00:19:14:    See https://nextjs.org/docs/app/api-reference/config/next-config-js/turbopack#root-directory for more information.
2026-04-10 00:19:14:  Detected additional lockfiles: 
2026-04-10 00:19:14:    * D:\MarketEngine\package-lock.json
2026-04-10 00:19:14: 
2026-04-10 00:19:17: 
2026-04-10 04:40:46: ▲ Next.js 16.2.1 (Turbopack)
2026-04-10 04:40:46: - Local:         http://localhost:3000
2026-04-10 04:40:46: - Network:       http://192.168.1.7:3000
2026-04-10 04:40:46: - Environments: .env.local
2026-04-10 04:40:46: ✓ Ready in 1745ms
2026-04-10 04:40:46: ⚠ Warning: Next.js inferred your workspace root, but it may not be correct.
2026-04-10 04:40:46:  We detected multiple lockfiles and selected the directory of D:\pnpm-lock.yaml as the root directory.
2026-04-10 04:40:46:  To silence this warning, set `turbopack.root` in your Next.js config, or consider removing one of the lockfiles if it's not needed.
2026-04-10 04:40:46:    See https://nextjs.org/docs/app/api-reference/config/next-config-js/turbopack#root-directory for more information.
2026-04-10 04:40:46:  Detected additional lockfiles: 
2026-04-10 04:40:46:    * D:\MarketEngine\package-lock.json
2026-04-10 04:40:46: 
2026-04-10 04:40:48: 
2026-04-10 09:19:35: ▲ Next.js 16.2.1 (Turbopack)
2026-04-10 09:19:35: - Local:         http://localhost:3000
2026-04-10 09:19:35: - Network:       http://192.168.1.7:3000
2026-04-10 09:19:35: - Environments: .env.local
2026-04-10 09:19:35: ✓ Ready in 2.5s
2026-04-10 09:19:36: ⚠ Warning: Next.js inferred your workspace root, but it may not be correct.
2026-04-10 09:19:36:  We detected multiple lockfiles and selected the directory of D:\pnpm-lock.yaml as the root directory.
2026-04-10 09:19:36:  To silence this warning, set `turbopack.root` in your Next.js config, or consider removing one of the lockfiles if it's not needed.
2026-04-10 09:19:36:    See https://nextjs.org/docs/app/api-reference/config/next-config-js/turbopack#root-directory for more information.
2026-04-10 09:19:36:  Detected additional lockfiles: 
2026-04-10 09:19:36:    * D:\MarketEngine\package-lock.json
2026-04-10 09:19:36: 
2026-04-10 09:19:40: 
2026-04-10 09:35:39: [?25h
2026-04-10 09:35:39: 
2026-04-10 21:38:45: ▲ Next.js 16.2.1 (Turbopack)
2026-04-10 21:38:45: - Local:         http://localhost:3000
2026-04-10 21:38:45: - Network:       http://192.168.1.7:3000
2026-04-10 21:38:45: - Environments: .env.local
2026-04-10 21:38:45: ✓ Ready in 1913ms
2026-04-10 21:38:45: ⚠ Warning: Next.js inferred your workspace root, but it may not be correct.
2026-04-10 21:38:45:  We detected multiple lockfiles and selected the directory of D:\pnpm-lock.yaml as the root directory.
2026-04-10 21:38:45:  To silence this warning, set `turbopack.root` in your Next.js config, or consider removing one of the lockfiles if it's not needed.
2026-04-10 21:38:45:    See https://nextjs.org/docs/app/api-reference/config/next-config-js/turbopack#root-directory for more information.
2026-04-10 21:38:45:  Detected additional lockfiles: 
2026-04-10 21:38:45:    * D:\MarketEngine\package-lock.json
2026-04-10 21:38:45: 
2026-04-10 21:38:48: 
2026-04-11 00:04:53:  GET /dashboard 200 in 2.3s (next.js: 1022ms, application-code: 1290ms)
2026-04-11 00:04:59:  GET /dashboard 200 in 180ms (next.js: 11ms, application-code: 169ms)
2026-04-11 00:05:17:  GET /dashboard 200 in 162ms (next.js: 17ms, application-code: 145ms)
2026-04-11 00:05:27: ⨯ Error: connect ECONNREFUSED 127.0.0.1:5432
2026-04-11 00:05:27:     at <unknown> (Error: connect ECONNREFUSED 127.0.0.1:5432)
2026-04-11 00:05:27:     at async getLatestBrief (lib\db.ts:23:15)
2026-04-11 00:05:27:     at async HomePage (app\page.tsx:11:18)
2026-04-11 00:05:27:   21 |
2026-04-11 00:05:27:   22 | export async function getLatestBrief(): Promise<BriefRow | null> {
2026-04-11 00:05:27: > 23 |   const res = await pool.query(
2026-04-11 00:05:27:      |               ^
2026-04-11 00:05:27:   24 |     `SELECT id, brief_date::text as brief_date, beginner_headline, beginner_body, beginner...
2026-04-11 00:05:27:   25 |   );
2026-04-11 00:05:27:   26 |   return res.rows[0] || null; {
2026-04-11 00:05:27:   errno: -4078,
2026-04-11 00:05:27:   code: 'ECONNREFUSED',
2026-04-11 00:05:27:   syscall: 'connect',
2026-04-11 00:05:27:   address: '127.0.0.1',
2026-04-11 00:05:27:   port: 5432,
2026-04-11 00:05:27:   digest: '2868730758'
2026-04-11 00:05:27: }
2026-04-11 00:05:27:  GET / 200 in 291ms (next.js: 129ms, application-code: 162ms)
2026-04-11 00:05:27: [browser] Uncaught Error: connect ECONNREFUSED 127.0.0.1:5432
2026-04-11 00:05:27:     at <unknown> (Error: connect ECONNREFUSED 127.0.0.1:5432)
2026-04-11 00:05:27:     at getLatestBrief (lib\db.ts:23:15)
2026-04-11 00:05:27:     at HomePage (app\page.tsx:11:18)
2026-04-11 00:05:27:     at resolveErrorDev (.next\dev\static\chunks\08_-_next_dist_compiled_react-server-dom-turbopack_0bcb~h2._.js:1919:150)
2026-04-11 00:05:27:     at processFullStringRow (.next\dev\static\chunks\08_-_next_dist_compiled_react-server-dom-turbopack_0bcb~h2._.js:2434:29)
2026-04-11 00:05:27:     at processFullBinaryRow (.next\dev\static\chunks\08_-_next_dist_compiled_react-server-dom-turbopack_0bcb~h2._.js:2393:9)
2026-04-11 00:05:27:     at processBinaryChunk (.next\dev\static\chunks\08_-_next_dist_compiled_react-server-dom-turbopack_0bcb~h2._.js:2502:221)
2026-04-11 00:05:27:     at progress (.next\dev\static\chunks\08_-_next_dist_compiled_react-server-dom-turbopack_0bcb~h2._.js:2689:13)
2026-04-11 00:05:27:   21 |
2026-04-11 00:05:27:   22 | export async function getLatestBrief(): Promise<BriefRow | null> {
2026-04-11 00:05:27: > 23 |   const res = await pool.query(
2026-04-11 00:05:27:      |               ^
2026-04-11 00:05:27:   24 |     `SELECT id, brief_date::text as brief_date, beginner_headline, beginner_body, beginner...
2026-04-11 00:05:27:   25 |   );
2026-04-11 00:05:27:   26 |   return res.rows[0] || null;
2026-04-11 00:06:10:  GET / 200 in 552ms (next.js: 210ms, application-code: 342ms)
2026-04-11 00:07:53:  GET / 200 in 428ms (next.js: 17ms, application-code: 411ms)
2026-04-11 00:08:16:  GET /dashboard 200 in 298ms (next.js: 8ms, application-code: 290ms)
2026-04-11 00:08:55:  GET /dashboard 200 in 197ms (next.js: 12ms, application-code: 185ms)
2026-04-11 00:09:26:  GET /dashboard 200 in 212ms (next.js: 16ms, application-code: 196ms)
2026-04-11 00:10:29:  GET /api/dashboard/scores 200 in 1411ms (next.js: 1280ms, application-code: 131ms)
2026-04-11 00:11:27: ✓ Compiled in 320ms
2026-04-11 00:11:27:  GET /dashboard 200 in 694ms (next.js: 315ms, application-code: 379ms)
2026-04-11 00:11:27:  GET /dashboard 200 in 179ms (next.js: 28ms, application-code: 151ms)
2026-04-11 00:11:28:  GET /api/dashboard/scores 200 in 222ms (next.js: 43ms, application-code: 180ms)
2026-04-11 00:11:46: ✓ Compiled in 498ms
2026-04-11 00:11:47:  GET /dashboard 200 in 598ms (next.js: 267ms, application-code: 330ms)
2026-04-11 00:11:47:  GET /dashboard 200 in 165ms (next.js: 15ms, application-code: 150ms)
2026-04-11 00:12:28:  GET /api/dashboard/scores 200 in 143ms (next.js: 61ms, application-code: 82ms)
2026-04-11 00:13:28:  GET /api/dashboard/scores 200 in 109ms (next.js: 11ms, application-code: 99ms)
2026-04-11 00:14:28:  GET /api/dashboard/scores 200 in 116ms (next.js: 10ms, application-code: 106ms)
2026-04-11 00:15:28:  GET /api/dashboard/scores 200 in 128ms (next.js: 9ms, application-code: 119ms)
2026-04-11 00:16:30:  GET /api/dashboard/scores 200 in 84ms (next.js: 6ms, application-code: 78ms)
2026-04-11 00:17:28:  GET /api/dashboard/scores 200 in 100ms (next.js: 7ms, application-code: 93ms)
2026-04-11 00:17:28: ✓ Compiled in 83ms
2026-04-11 00:17:38: ✓ Compiled in 100ms
2026-04-11 00:17:57:  GET /dashboard 200 in 749ms (next.js: 286ms, application-code: 463ms)
2026-04-11 00:18:58:  GET /api/dashboard/scores 200 in 181ms (next.js: 18ms, application-code: 163ms)
2026-04-11 00:18:59: ✓ Compiled in 430ms
2026-04-11 00:19:20: ✓ Compiled in 569ms
2026-04-11 00:19:21:  GET /dashboard 200 in 764ms (next.js: 287ms, application-code: 478ms)
2026-04-11 00:19:21:  GET /dashboard 200 in 201ms (next.js: 14ms, application-code: 187ms)
2026-04-11 00:19:42: ✓ Compiled in 382ms
2026-04-11 00:20:21:  GET /api/dashboard/scores 200 in 155ms (next.js: 57ms, application-code: 97ms)
2026-04-11 00:23:35: [browser] Uncaught TypeError: Component is not a function
2026-04-11 00:23:35:     at Object.react_stack_bottom_frame (.next\dev\static\chunks\08_-_next_dist_compiled_react-dom_0l9.12x._.js:15037:24)
2026-04-11 00:23:35:     at renderWithHooks (.next\dev\static\chunks\08_-_next_dist_compiled_react-dom_0l9.12x._.js:4620:24)
2026-04-11 00:23:35:     at updateFunctionComponent (.next\dev\static\chunks\08_-_next_dist_compiled_react-dom_0l9.12x._.js:6081:21)
2026-04-11 00:23:35:     at beginWork (.next\dev\static\chunks\08_-_next_dist_compiled_react-dom_0l9.12x._.js:6691:24)
2026-04-11 00:23:35:     at runWithFiberInDEV (.next\dev\static\chunks\08_-_next_dist_compiled_react-dom_0l9.12x._.js:965:74)
2026-04-11 00:23:35:     at performUnitOfWork (.next\dev\static\chunks\08_-_next_dist_compiled_react-dom_0l9.12x._.js:9555:97)
2026-04-11 00:23:35:     at workLoopSync (.next\dev\static\chunks\08_-_next_dist_compiled_react-dom_0l9.12x._.js:9449:40)
2026-04-11 00:23:35:     at renderRootSync (.next\dev\static\chunks\08_-_next_dist_compiled_react-dom_0l9.12x._.js:9433:13)
2026-04-11 00:23:35:     at performWorkOnRoot (.next\dev\static\chunks\08_-_next_dist_compiled_react-dom_0l9.12x._.js:9098:47)
2026-04-11 00:23:35:     at performWorkOnRootViaSchedulerTask (.next\dev\static\chunks\08_-_next_dist_compiled_react-dom_0l9.12x._.js:10255:9)
2026-04-11 00:23:35:     at MessagePort.performWorkUntilDeadline (.next\dev\static\chunks\08_-_next_dist_compiled_0po.lop._.js:2647:64)
2026-04-11 00:23:35:     at LiveDashboard (.next\dev\static\chunks\MarketEngine_web_app_04qrg5r._.js:174:231)
2026-04-11 00:23:35:     at DashboardPage (app\dashboard\page.tsx:95:9)
2026-04-11 00:23:35:   93 |
2026-04-11 00:23:35:   94 |         {/* Live-updating header + sector grid (polls every 60s) */}
2026-04-11 00:23:35: > 95 |         <LiveDashboard initialScores={scores} initialAnomalies={anomalies} />
2026-04-11 00:23:35:      |         ^
2026-04-11 00:23:35:   96 |
2026-04-11 00:23:35:   97 |         {/* Footer disclaimer */}
2026-04-11 00:23:35:   98 |         <footer className="pt-4" style={{ borderTop: '1px solid var(--border)' }}>
2026-04-11 00:26:06:  GET /dashboard 200 in 646ms (next.js: 218ms, application-code: 428ms)
2026-04-11 00:26:29:  GET /dashboard 200 in 175ms (next.js: 18ms, application-code: 157ms)
2026-04-11 00:26:42:  GET / 200 in 263ms (next.js: 56ms, application-code: 206ms)
2026-04-11 00:26:47:  GET /dashboard 200 in 205ms (next.js: 11ms, application-code: 194ms)
2026-04-11 00:27:48:  GET /api/dashboard/scores 200 in 198ms (next.js: 7ms, application-code: 191ms)
2026-04-11 00:27:52:  GET /dashboard 200 in 570ms (next.js: 293ms, application-code: 277ms)
2026-04-11 00:28:18:  GET /dashboard 200 in 367ms (next.js: 10ms, application-code: 357ms)
2026-04-11 00:29:19:  GET /api/dashboard/scores 200 in 95ms (next.js: 4ms, application-code: 91ms)
2026-04-11 00:30:19:  GET /api/dashboard/scores 200 in 97ms (next.js: 8ms, application-code: 88ms)
2026-04-11 00:31:19:  GET /api/dashboard/scores 200 in 97ms (next.js: 5ms, application-code: 92ms)
2026-04-11 00:32:19:  GET /api/dashboard/scores 200 in 133ms (next.js: 6ms, application-code: 127ms)
2026-04-11 00:33:19:  GET /api/dashboard/scores 200 in 87ms (next.js: 8ms, application-code: 79ms)
2026-04-11 00:34:19:  GET /api/dashboard/scores 200 in 197ms (next.js: 12ms, application-code: 185ms)
2026-04-11 00:35:36:  GET /api/dashboard/scores 200 in 86ms (next.js: 6ms, application-code: 80ms)
2026-04-11 00:36:29:  GET /api/dashboard/scores 200 in 73ms (next.js: 5ms, application-code: 69ms)
2026-04-11 00:37:19:  GET /api/dashboard/scores 200 in 101ms (next.js: 9ms, application-code: 92ms)
2026-04-11 00:38:19:  GET /api/dashboard/scores 200 in 86ms (next.js: 5ms, application-code: 82ms)
2026-04-11 00:39:36:  GET /api/dashboard/scores 200 in 88ms (next.js: 8ms, application-code: 80ms)
2026-04-11 00:40:36:  GET /api/dashboard/scores 200 in 92ms (next.js: 10ms, application-code: 82ms)
2026-04-11 00:41:36:  GET /api/dashboard/scores 200 in 79ms (next.js: 6ms, application-code: 73ms)
2026-04-11 00:42:36:  GET /api/dashboard/scores 200 in 91ms (next.js: 11ms, application-code: 80ms)
2026-04-11 00:43:36:  GET /api/dashboard/scores 200 in 77ms (next.js: 6ms, application-code: 71ms)
2026-04-11 00:44:27:  GET /api/dashboard/scores 200 in 87ms (next.js: 6ms, application-code: 81ms)
2026-04-11 00:45:19:  GET /api/dashboard/scores 200 in 110ms (next.js: 8ms, application-code: 101ms)
2026-04-11 00:45:36: ✓ Compiled in 98ms
2026-04-11 00:45:46: ✓ Compiled in 47ms
2026-04-11 00:45:53: ✓ Compiled in 84ms
2026-04-11 00:46:02: ✓ Compiled in 203ms
2026-04-11 00:46:13: ✓ Compiled in 121ms
2026-04-11 00:46:29: ✓ Compiled in 82ms
2026-04-11 00:46:37:  GET /api/dashboard/scores 200 in 80ms (next.js: 6ms, application-code: 74ms)
2026-04-11 00:47:37:  GET /api/dashboard/scores 200 in 101ms (next.js: 5ms, application-code: 96ms)
2026-04-11 00:48:37:  GET /api/dashboard/scores 200 in 86ms (next.js: 6ms, application-code: 80ms)
2026-04-11 00:49:37:  GET /api/dashboard/scores 200 in 108ms (next.js: 5ms, application-code: 103ms)
2026-04-11 00:50:37:  GET /api/dashboard/scores 200 in 119ms (next.js: 13ms, application-code: 105ms)
2026-04-11 00:51:37:  GET /api/dashboard/scores 200 in 94ms (next.js: 7ms, application-code: 88ms)
2026-04-11 00:53:36:  GET /api/dashboard/scores 200 in 74ms (next.js: 5ms, application-code: 69ms)
2026-04-11 00:55:36:  GET /api/dashboard/scores 200 in 70ms (next.js: 7ms, application-code: 63ms)
2026-04-11 00:57:36:  GET /api/dashboard/scores 200 in 94ms (next.js: 13ms, application-code: 81ms)
2026-04-11 00:59:36:  GET /api/dashboard/scores 200 in 89ms (next.js: 8ms, application-code: 82ms)
2026-04-11 01:01:36:  GET /api/dashboard/scores 200 in 85ms (next.js: 14ms, application-code: 71ms)
2026-04-11 01:03:36:  GET /api/dashboard/scores 200 in 79ms (next.js: 8ms, application-code: 72ms)
2026-04-11 01:05:36:  GET /api/dashboard/scores 200 in 99ms (next.js: 8ms, application-code: 92ms)
2026-04-11 01:06:40:  GET /api/dashboard/scores 200 in 193ms (next.js: 5ms, application-code: 188ms)
2026-04-11 01:07:37:  GET /api/dashboard/scores 200 in 113ms (next.js: 7ms, application-code: 105ms)
2026-04-11 01:08:21: ✓ Compiled in 153ms
2026-04-11 01:08:37:  GET /api/dashboard/scores 200 in 91ms (next.js: 6ms, application-code: 84ms)
2026-04-11 01:10:36:  GET /api/dashboard/scores 200 in 86ms (next.js: 11ms, application-code: 75ms)
2026-04-11 01:12:36:  GET /api/dashboard/scores 200 in 178ms (next.js: 9ms, application-code: 169ms)
2026-04-11 01:14:36:  GET /api/dashboard/scores 200 in 76ms (next.js: 7ms, application-code: 69ms)
2026-04-11 01:15:59:  GET /api/dashboard/scores 200 in 176ms (next.js: 8ms, application-code: 169ms)
2026-04-11 01:16:10:  GET /dashboard 200 in 745ms (next.js: 298ms, application-code: 448ms)
2026-04-11 01:16:15:  GET /dashboard 200 in 31ms (next.js: 11ms, application-code: 19ms)
2026-04-11 01:16:15:  GET /dashboard 200 in 153ms (next.js: 10ms, application-code: 144ms)
2026-04-11 01:16:16:  GET / 200 in 501ms (next.js: 295ms, application-code: 206ms)
2026-04-11 01:16:18:  GET /dashboard 200 in 106ms (next.js: 6ms, application-code: 100ms)
2026-04-11 01:17:19:  GET /api/dashboard/scores 200 in 103ms (next.js: 12ms, application-code: 91ms)
2026-04-11 01:18:19:  GET /api/dashboard/scores 200 in 95ms (next.js: 8ms, application-code: 87ms)
2026-04-11 01:19:19:  GET /api/dashboard/scores 200 in 80ms (next.js: 11ms, application-code: 70ms)
2026-04-11 01:20:19:  GET /api/dashboard/scores 200 in 132ms (next.js: 8ms, application-code: 124ms)
2026-04-11 01:21:19:  GET /api/dashboard/scores 200 in 71ms (next.js: 6ms, application-code: 65ms)
2026-04-11 01:22:19:  GET /api/dashboard/scores 200 in 173ms (next.js: 3ms, application-code: 170ms)
2026-04-11 01:23:36:  GET /api/dashboard/scores 200 in 81ms (next.js: 6ms, application-code: 75ms)
2026-04-11 01:24:36:  GET /api/dashboard/scores 200 in 97ms (next.js: 8ms, application-code: 89ms)
2026-04-11 01:25:36:  GET /api/dashboard/scores 200 in 83ms (next.js: 5ms, application-code: 79ms)
2026-04-11 01:26:36:  GET /api/dashboard/scores 200 in 70ms (next.js: 5ms, application-code: 66ms)
2026-04-11 01:27:36:  GET /api/dashboard/scores 200 in 174ms (next.js: 6ms, application-code: 169ms)
2026-04-11 01:28:36:  GET /api/dashboard/scores 200 in 105ms (next.js: 6ms, application-code: 99ms)
2026-04-11 01:29:36:  GET /api/dashboard/scores 200 in 106ms (next.js: 11ms, application-code: 94ms)
2026-04-11 01:30:36:  GET /api/dashboard/scores 200 in 81ms (next.js: 6ms, application-code: 75ms)
2026-04-11 01:31:36:  GET /api/dashboard/scores 200 in 85ms (next.js: 8ms, application-code: 77ms)
2026-04-11 01:32:36:  GET /api/dashboard/scores 200 in 77ms (next.js: 5ms, application-code: 72ms)
2026-04-11 01:33:36:  GET /api/dashboard/scores 200 in 75ms (next.js: 10ms, application-code: 65ms)
2026-04-11 01:34:36:  GET /api/dashboard/scores 200 in 87ms (next.js: 5ms, application-code: 82ms)
2026-04-11 01:35:36:  GET /api/dashboard/scores 200 in 97ms (next.js: 7ms, application-code: 91ms)
2026-04-11 01:36:36:  GET /api/dashboard/scores 200 in 112ms (next.js: 6ms, application-code: 107ms)
2026-04-11 01:37:36:  GET /api/dashboard/scores 200 in 91ms (next.js: 7ms, application-code: 85ms)
2026-04-11 01:38:36:  GET /api/dashboard/scores 200 in 76ms (next.js: 5ms, application-code: 71ms)
2026-04-11 01:39:36:  GET /api/dashboard/scores 200 in 82ms (next.js: 7ms, application-code: 75ms)
2026-04-11 01:40:36:  GET /api/dashboard/scores 200 in 205ms (next.js: 10ms, application-code: 195ms)
2026-04-11 01:41:36:  GET /api/dashboard/scores 200 in 75ms (next.js: 6ms, application-code: 69ms)
2026-04-11 01:42:36:  GET /api/dashboard/scores 200 in 72ms (next.js: 4ms, application-code: 68ms)
2026-04-11 01:43:36:  GET /api/dashboard/scores 200 in 66ms (next.js: 5ms, application-code: 60ms)
2026-04-11 01:44:36:  GET /api/dashboard/scores 200 in 97ms (next.js: 7ms, application-code: 90ms)
2026-04-11 01:45:36:  GET /api/dashboard/scores 200 in 73ms (next.js: 6ms, application-code: 67ms)
2026-04-11 01:46:36:  GET /api/dashboard/scores 200 in 83ms (next.js: 5ms, application-code: 78ms)
2026-04-11 01:47:36:  GET /api/dashboard/scores 200 in 97ms (next.js: 9ms, application-code: 88ms)
2026-04-11 01:48:36:  GET /api/dashboard/scores 200 in 170ms (next.js: 6ms, application-code: 164ms)
2026-04-11 01:49:36:  GET /api/dashboard/scores 200 in 125ms (next.js: 8ms, application-code: 117ms)
2026-04-11 01:50:36:  GET /api/dashboard/scores 200 in 90ms (next.js: 7ms, application-code: 82ms)
2026-04-11 01:51:36:  GET /api/dashboard/scores 200 in 108ms (next.js: 5ms, application-code: 103ms)
2026-04-11 01:52:36:  GET /api/dashboard/scores 200 in 83ms (next.js: 6ms, application-code: 77ms)
2026-04-11 01:53:36:  GET /api/dashboard/scores 200 in 85ms (next.js: 7ms, application-code: 79ms)
2026-04-11 01:54:36:  GET /api/dashboard/scores 200 in 67ms (next.js: 6ms, application-code: 61ms)
2026-04-11 01:55:36:  GET /api/dashboard/scores 200 in 80ms (next.js: 6ms, application-code: 74ms)
2026-04-11 01:56:29: ⚠ Found a change in next.config.ts. Restarting the server to apply the changes...
2026-04-11 01:56:31: ▲ Next.js 16.2.1 (Turbopack)
2026-04-11 01:56:31: - Local:         http://localhost:3000
2026-04-11 01:56:31: - Network:       http://192.168.1.7:3000
2026-04-11 01:56:31: - Environments: .env.local
2026-04-11 01:56:31: ✓ Ready in 1810ms
2026-04-11 01:56:31: ⚠ `images.domains` is deprecated in favor of `images.remotePatterns`. Please update next.config.ts to protect your application from malicious users.
2026-04-11 01:56:31: ⚠ Warning: Next.js inferred your workspace root, but it may not be correct.
2026-04-11 01:56:31:  We detected multiple lockfiles and selected the directory of D:\pnpm-lock.yaml as the root directory.
2026-04-11 01:56:31:  To silence this warning, set `turbopack.root` in your Next.js config, or consider removing one of the lockfiles if it's not needed.
2026-04-11 01:56:31:    See https://nextjs.org/docs/app/api-reference/config/next-config-js/turbopack#root-directory for more information.
2026-04-11 01:56:31:  Detected additional lockfiles: 
2026-04-11 01:56:31:    * D:\MarketEngine\package-lock.json
2026-04-11 01:56:31: 
2026-04-11 01:56:36: 
2026-04-11 01:56:39:  GET /api/dashboard/scores 200 in 2.2s (next.js: 731ms, application-code: 1515ms)
2026-04-11 01:56:39:  GET /dashboard 200 in 1830ms (next.js: 388ms, application-code: 1442ms)
2026-04-11 01:57:43:  GET /api/dashboard/scores 200 in 104ms (next.js: 14ms, application-code: 90ms)
2026-04-11 01:58:43:  GET /api/dashboard/scores 200 in 94ms (next.js: 7ms, application-code: 87ms)
2026-04-11 01:59:43:  GET /api/dashboard/scores 200 in 79ms (next.js: 9ms, application-code: 71ms)
2026-04-11 02:00:43:  GET /api/dashboard/scores 200 in 95ms (next.js: 9ms, application-code: 86ms)
2026-04-11 02:01:43:  GET /api/dashboard/scores 200 in 107ms (next.js: 10ms, application-code: 97ms)
2026-04-11 02:02:43:  GET /api/dashboard/scores 200 in 112ms (next.js: 8ms, application-code: 104ms)
2026-04-11 02:04:36:  GET /api/dashboard/scores 200 in 111ms (next.js: 8ms, application-code: 103ms)
2026-04-11 02:05:36:  GET /api/dashboard/scores 200 in 89ms (next.js: 5ms, application-code: 84ms)
2026-04-11 02:06:36:  GET /api/dashboard/scores 200 in 89ms (next.js: 8ms, application-code: 82ms)
2026-04-11 02:07:36:  GET /api/dashboard/scores 200 in 82ms (next.js: 5ms, application-code: 77ms)
2026-04-11 02:08:36:  GET /api/dashboard/scores 200 in 83ms (next.js: 7ms, application-code: 76ms)
2026-04-11 02:09:36:  GET /api/dashboard/scores 200 in 93ms (next.js: 5ms, application-code: 88ms)
2026-04-11 02:10:36:  GET /api/dashboard/scores 200 in 70ms (next.js: 8ms, application-code: 62ms)
2026-04-11 02:11:08:  GET /api/dashboard/scores 200 in 68ms (next.js: 6ms, application-code: 62ms)
2026-04-11 02:11:09:  GET / 200 in 306ms (next.js: 132ms, application-code: 174ms)
2026-04-11 02:30:34:   Reload env: .env.local
2026-04-11 02:30:35:  GET / 200 in 293ms (next.js: 153ms, application-code: 140ms)
2026-04-11 02:34:01:   Reload env: .env.local
2026-04-11 02:34:02:  GET / 200 in 796ms (next.js: 60ms, application-code: 736ms)
2026-04-11 02:34:34:   Reload env: .env.local
2026-04-11 02:34:35:  GET / 200 in 552ms (next.js: 68ms, application-code: 483ms)
2026-04-11 02:34:46:   Reload env: .env.local
2026-04-11 02:34:47:  GET / 200 in 1006ms (next.js: 95ms, application-code: 911ms)
2026-04-11 02:35:15:   Reload env: .env.local
2026-04-11 02:35:16:  GET / 200 in 1013ms (next.js: 62ms, application-code: 952ms)
2026-04-11 02:36:17:   Reload env: .env.local
2026-04-11 02:36:19:  GET / 200 in 908ms (next.js: 80ms, application-code: 829ms)
2026-04-11 02:43:38:   Reload env: .env.local
2026-04-11 02:43:39:  GET / 200 in 1310ms (next.js: 126ms, application-code: 1184ms)
2026-04-11 02:46:59:  GET / 200 in 929ms (next.js: 19ms, application-code: 910ms)
